Archive member included to satisfy reference by file (symbol)

d:/gcc-arm-none-eabi-10.3/bin/../lib/gcc/arm-none-eabi/10.3.1/../../../../arm-none-eabi/lib/thumb/v7e-m+fp/hard\libc_nano.a(lib_a-memcpy-stub.o)
                              ./src/rtos2/RTX/Source/rtx_kernel.o (memcpy)
d:/gcc-arm-none-eabi-10.3/bin/../lib/gcc/arm-none-eabi/10.3.1/../../../../arm-none-eabi/lib/thumb/v7e-m+fp/hard\libc_nano.a(lib_a-memset.o)
                              ./src/rtos2/RTX/Source/rtx_kernel.o (memset)
d:/gcc-arm-none-eabi-10.3/bin/../lib/gcc/arm-none-eabi/10.3.1/../../../../arm-none-eabi/lib/thumb/v7e-m+fp/hard\libc_nano.a(lib_a-strcpy.o)
                              ./src/components/rtt/rtt.o (strcpy)
d:/gcc-arm-none-eabi-10.3/bin/../lib/gcc/arm-none-eabi/10.3.1/../../../../arm-none-eabi/lib/thumb/v7e-m+fp/hard\libc_nano.a(lib_a-strlen.o)
                              ./src/application/main.o (strlen)

Discarded input sections

 .text          0x00000000        0x0 ./src/stdperiph/Source/gd32f30x_adc.o
 .data          0x00000000        0x0 ./src/stdperiph/Source/gd32f30x_adc.o
 .bss           0x00000000        0x0 ./src/stdperiph/Source/gd32f30x_adc.o
 .text.adc_deinit
                0x00000000       0x5c ./src/stdperiph/Source/gd32f30x_adc.o
 .text.adc_enable
                0x00000000       0x10 ./src/stdperiph/Source/gd32f30x_adc.o
 .text.adc_disable
                0x00000000        0xc ./src/stdperiph/Source/gd32f30x_adc.o
 .text.adc_calibration_enable
                0x00000000       0x24 ./src/stdperiph/Source/gd32f30x_adc.o
 .text.adc_dma_mode_enable
                0x00000000        0xc ./src/stdperiph/Source/gd32f30x_adc.o
 .text.adc_dma_mode_disable
                0x00000000        0xc ./src/stdperiph/Source/gd32f30x_adc.o
 .text.adc_tempsensor_vrefint_enable
                0x00000000       0x14 ./src/stdperiph/Source/gd32f30x_adc.o
 .text.adc_tempsensor_vrefint_disable
                0x00000000       0x14 ./src/stdperiph/Source/gd32f30x_adc.o
 .text.adc_resolution_config
                0x00000000       0x18 ./src/stdperiph/Source/gd32f30x_adc.o
 .text.adc_discontinuous_mode_config
                0x00000000       0x3c ./src/stdperiph/Source/gd32f30x_adc.o
 .text.adc_mode_config
                0x00000000       0x20 ./src/stdperiph/Source/gd32f30x_adc.o
 .text.adc_special_function_config
                0x00000000       0x5c ./src/stdperiph/Source/gd32f30x_adc.o
 .text.adc_data_alignment_config
                0x00000000       0x14 ./src/stdperiph/Source/gd32f30x_adc.o
 .text.adc_channel_length_config
                0x00000000       0x3c ./src/stdperiph/Source/gd32f30x_adc.o
 .text.adc_regular_channel_config
                0x00000000       0xb4 ./src/stdperiph/Source/gd32f30x_adc.o
 .text.adc_inserted_channel_config
                0x00000000       0x70 ./src/stdperiph/Source/gd32f30x_adc.o
 .text.adc_inserted_channel_offset_config
                0x00000000       0x1c ./src/stdperiph/Source/gd32f30x_adc.o
 .text.adc_external_trigger_config
                0x00000000       0x40 ./src/stdperiph/Source/gd32f30x_adc.o
 .text.adc_external_trigger_source_config
                0x00000000       0x2c ./src/stdperiph/Source/gd32f30x_adc.o
 .text.adc_software_trigger_enable
                0x00000000       0x1c ./src/stdperiph/Source/gd32f30x_adc.o
 .text.adc_regular_data_read
                0x00000000        0x8 ./src/stdperiph/Source/gd32f30x_adc.o
 .text.adc_inserted_data_read
                0x00000000       0x28 ./src/stdperiph/Source/gd32f30x_adc.o
 .text.adc_sync_mode_convert_value_read
                0x00000000        0xc ./src/stdperiph/Source/gd32f30x_adc.o
 .text.adc_flag_get
                0x00000000        0xc ./src/stdperiph/Source/gd32f30x_adc.o
 .text.adc_flag_clear
                0x00000000        0xc ./src/stdperiph/Source/gd32f30x_adc.o
 .text.adc_interrupt_flag_get
                0x00000000       0x40 ./src/stdperiph/Source/gd32f30x_adc.o
 .text.adc_interrupt_flag_clear
                0x00000000        0xc ./src/stdperiph/Source/gd32f30x_adc.o
 .text.adc_interrupt_enable
                0x00000000       0x28 ./src/stdperiph/Source/gd32f30x_adc.o
 .text.adc_interrupt_disable
                0x00000000       0x28 ./src/stdperiph/Source/gd32f30x_adc.o
 .text.adc_watchdog_single_channel_enable
                0x00000000       0x20 ./src/stdperiph/Source/gd32f30x_adc.o
 .text.adc_watchdog_group_channel_enable
                0x00000000       0x38 ./src/stdperiph/Source/gd32f30x_adc.o
 .text.adc_watchdog_disable
                0x00000000       0x10 ./src/stdperiph/Source/gd32f30x_adc.o
 .text.adc_watchdog_threshold_config
                0x00000000       0x10 ./src/stdperiph/Source/gd32f30x_adc.o
 .text.adc_oversample_mode_config
                0x00000000       0x34 ./src/stdperiph/Source/gd32f30x_adc.o
 .text.adc_oversample_mode_enable
                0x00000000       0x10 ./src/stdperiph/Source/gd32f30x_adc.o
 .text.adc_oversample_mode_disable
[...]
Memory Configuration

Name             Origin             Length             Attributes
FLASH            0x08000000         0x00040000         xr
RAM              0x20000000         0x0000c000         xrw
*default*        0x00000000         0xffffffff

Linker script and memory map

LOAD ./src/stdperiph/Source/gd32f30x_adc.o
LOAD ./src/stdperiph/Source/gd32f30x_bkp.o
LOAD ./src/stdperiph/Source/gd32f30x_can.o
LOAD ./src/stdperiph/Source/gd32f30x_crc.o
LOAD ./src/stdperiph/Source/gd32f30x_ctc.o
LOAD ./src/stdperiph/Source/gd32f30x_dac.o
LOAD ./src/stdperiph/Source/gd32f30x_dbg.o
LOAD ./src/stdperiph/Source/gd32f30x_dma.o
LOAD ./src/stdperiph/Source/gd32f30x_exti.o
LOAD ./src/stdperiph/Source/gd32f30x_fwdgt.o
LOAD ./src/stdperiph/Source/gd32f30x_gpio.o
LOAD ./src/stdperiph/Source/gd32f30x_i2c.o
LOAD ./src/stdperiph/Source/gd32f30x_misc.o
LOAD ./src/stdperiph/Source/gd32f30x_pmu.o
LOAD ./src/stdperiph/Source/gd32f30x_rcu.o
LOAD ./src/stdperiph/Source/gd32f30x_rtc.o
LOAD ./src/stdperiph/Source/gd32f30x_sdio.o
LOAD ./src/stdperiph/Source/gd32f30x_spi.o
LOAD ./src/stdperiph/Source/gd32f30x_timer.o
LOAD ./src/stdperiph/Source/gd32f30x_usart.o
LOAD ./src/stdperiph/Source/gd32f30x_wwdgt.o
LOAD ./src/rtos2/Source/os_systick.o
LOAD ./src/rtos2/RTX/Source/GCC/irq_cm4f.o
LOAD ./src/rtos2/RTX/Source/rtx_delay.o
LOAD ./src/rtos2/RTX/Source/rtx_evflags.o
LOAD ./src/rtos2/RTX/Source/rtx_evr.o
LOAD ./src/rtos2/RTX/Source/rtx_kernel.o
LOAD ./src/rtos2/RTX/Source/rtx_lib.o
LOAD ./src/rtos2/RTX/Source/rtx_memory.o
LOAD ./src/rtos2/RTX/Source/rtx_mempool.o
LOAD ./src/rtos2/RTX/Source/rtx_msgqueue.o
LOAD ./src/rtos2/RTX/Source/rtx_mutex.o
LOAD ./src/rtos2/RTX/Source/rtx_semaphore.o
LOAD ./src/rtos2/RTX/Source/rtx_system.o
LOAD ./src/rtos2/RTX/Source/rtx_thread.o
LOAD ./src/rtos2/RTX/Source/rtx_timer.o
LOAD ./src/rtos2/RTX/Config/RTX_Config.o
LOAD ./src/rtos2/RTX/Config/handlers.o
LOAD ./src/libcpu/startup_gd32f30x_hd.o
LOAD ./src/components/rtt/rtt.o
LOAD ./src/cmsis/system_gd32f30x.o
LOAD ./src/application/main.o
LOAD d:/gcc-arm-none-eabi-10.3/bin/../lib/gcc/arm-none-eabi/10.3.1/../../../../arm-none-eabi/lib/thumb/v7e-m+fp/hard\libstdc++_nano.a
LOAD d:/gcc-arm-none-eabi-10.3/bin/../lib/gcc/arm-none-eabi/10.3.1/../../../../arm-none-eabi/lib/thumb/v7e-m+fp/hard\libm.a
START GROUP
LOAD d:/gcc-arm-none-eabi-10.3/bin/../lib/gcc/arm-none-eabi/10.3.1/thumb/v7e-m+fp/hard\libgcc.a
LOAD d:/gcc-arm-none-eabi-10.3/bin/../lib/gcc/arm-none-eabi/10.3.1/../../../../arm-none-eabi/lib/thumb/v7e-m+fp/hard\libc_nano.a
END GROUP
START GROUP
LOAD d:/gcc-arm-none-eabi-10.3/bin/../lib/gcc/arm-none-eabi/10.3.1/thumb/v7e-m+fp/hard\libgcc.a
LOAD d:/gcc-arm-none-eabi-10.3/bin/../lib/gcc/arm-none-eabi/10.3.1/../../../../arm-none-eabi/lib/thumb/v7e-m+fp/hard\libc_nano.a
END GROUP
                0x00000200                _system_stack_size = 0x200

.isr_vector     0x08000000      0x130
                0x08000000                . = ALIGN (0x4)
 *(.isr_vector)
 .isr_vector    0x08000000      0x130 ./src/libcpu/startup_gd32f30x_hd.o
                0x08000000                g_pfnVectors
                0x08000130                . = ALIGN (0x4)

.text           0x08000130     0x1c6c
                0x08000130                . = ALIGN (0x4)
 ./src/libcpu/startup_gd32f30x_hd.o(.text.Reset_Handler)
 .text.Reset_Handler
                0x08000130       0x44 ./src/libcpu/startup_gd32f30x_hd.o
                0x08000130                Reset_Handler
 ./src/rtos2/RTX/Source/GCC/irq_cm4f.o(.text*)
 .text          0x08000174       0xc4 ./src/rtos2/RTX/Source/GCC/irq_cm4f.o
                0x08000174                SVC_Handler
                0x0800020c                PendSV_Handler
                0x0800021c                SysTick_Handler
 *(.text)
 .text          0x08000238       0x10 d:/gcc-arm-none-eabi-10.3/bin/../lib/gcc/arm-none-eabi/10.3.1/../../../../arm-none-eabi/lib/thumb/v7e-m+fp/hard\libc_nano.a(lib_a-strlen.o)
                0x08000238                strlen
 *(.text*)
 .text.nvic_priority_group_set
                0x08000248       0x14 ./src/stdperiph/Source/gd32f30x_misc.o
                0x08000248                nvic_priority_group_set
 .text.OS_Tick_Setup
                0x0800025c       0x54 ./src/rtos2/Source/os_systick.o
                0x0800025c                OS_Tick_Setup
 .text.OS_Tick_Enable
                0x080002b0       0x24 ./src/rtos2/Source/os_systick.o
                0x080002b0                OS_Tick_Enable
 .text.OS_Tick_AcknowledgeIRQ
                0x080002d4        0x8 ./src/rtos2/Source/os_systick.o
                0x080002d4                OS_Tick_AcknowledgeIRQ
 .text.OS_Tick_GetIRQn
                0x080002dc        0x8 ./src/rtos2/Source/os_systick.o
                0x080002dc                OS_Tick_GetIRQn
 .text.svcRtxDelay
                0x080002e4       0x14 ./src/rtos2/RTX/Source/rtx_delay.o
 .text.osDelay  0x080002f8       0x24 ./src/rtos2/RTX/Source/rtx_delay.o
                0x080002f8                osDelay
 .text.svcRtxKernelInitialize
                0x0800031c      0x140 ./src/rtos2/RTX/Source/rtx_kernel.o
 .text.svcRtxKernelStart
                0x0800045c       0x98 ./src/rtos2/RTX/Source/rtx_kernel.o
 .text.osRtxKernelPreInit
                0x080004f4        0x4 ./src/rtos2/RTX/Source/rtx_kernel.o
                0x080004f4                osRtxKernelPreInit
 .text.osKernelInitialize
                0x080004f8       0x2c ./src/rtos2/RTX/Source/rtx_kernel.o
                0x080004f8                osKernelInitialize
 .text.osKernelStart
                0x08000524       0x24 ./src/rtos2/RTX/Source/rtx_kernel.o
                0x08000524                osKernelStart
 .text.osRtxMemoryInit
                0x08000548       0x38 ./src/rtos2/RTX/Source/rtx_memory.o
                0x08000548                osRtxMemoryInit
 .text.osRtxMemoryAlloc
                0x08000580       0x7c ./src/rtos2/RTX/Source/rtx_memory.o
                0x08000580                osRtxMemoryAlloc
 .text.osRtxMemoryFree
                0x080005fc       0x4c ./src/rtos2/RTX/Source/rtx_memory.o
                0x080005fc                osRtxMemoryFree
 .text.osRtxMemoryPoolInit
                0x08000648       0x50 ./src/rtos2/RTX/Source/rtx_mempool.o
                0x08000648                osRtxMemoryPoolInit
 .text.osRtxMemoryPoolAlloc
                0x08000698       0x3c ./src/rtos2/RTX/Source/rtx_mempool.o
                0x08000698                osRtxMemoryPoolAlloc
 .text.osRtxMemoryPoolFree
                0x080006d4       0x4c ./src/rtos2/RTX/Source/rtx_mempool.o
                0x080006d4                osRtxMemoryPoolFree
 .text.MessageQueuePut
                0x08000720       0x54 ./src/rtos2/RTX/Source/rtx_msgqueue.o
 .text.MessageQueueGet
                0x08000774       0x4c ./src/rtos2/RTX/Source/rtx_msgqueue.o
 .text.osRtxMessageQueuePostProcess
                0x080007c0       0xd8 ./src/rtos2/RTX/Source/rtx_msgqueue.o
 .text.svcRtxMessageQueuePut
                0x08000898       0xc8 ./src/rtos2/RTX/Source/rtx_msgqueue.o
 .text.svcRtxMessageQueueGet
                0x08000960       0xf8 ./src/rtos2/RTX/Source/rtx_msgqueue.o
 .text.svcRtxMessageQueueNew
                0x08000a58      0x140 ./src/rtos2/RTX/Source/rtx_msgqueue.o
 .text.osMessageQueueNew
                0x08000b98       0x38 ./src/rtos2/RTX/Source/rtx_msgqueue.o
                0x08000b98                osMessageQueueNew
 .text.osMessageQueuePut
                0x08000bd0       0x78 ./src/rtos2/RTX/Source/rtx_msgqueue.o
                0x08000bd0                osMessageQueuePut
 .text.osMessageQueueGet
                0x08000c48       0x74 ./src/rtos2/RTX/Source/rtx_msgqueue.o
                0x08000c48                osMessageQueueGet
 .text.osRtxMutexOwnerRelease
                0x08000cbc       0x4c ./src/rtos2/RTX/Source/rtx_mutex.o
                0x08000cbc                osRtxMutexOwnerRelease
 .text.osRtxMutexOwnerRestore
                0x08000d08       0x3c ./src/rtos2/RTX/Source/rtx_mutex.o
                0x08000d08                osRtxMutexOwnerRestore
 .text.osRtxTick_Handler
                0x08000d44       0x74 ./src/rtos2/RTX/Source/rtx_system.o
                0x08000d44                osRtxTick_Handler
 .text.osRtxPendSV_Handler
                0x08000db8       0xa8 ./src/rtos2/RTX/Source/rtx_system.o
                0x08000db8                osRtxPendSV_Handler
 .text.osRtxPostProcess
                0x08000e60       0x74 ./src/rtos2/RTX/Source/rtx_system.o
                0x08000e60                osRtxPostProcess
 .text.osThreadExit
                0x08000ed4        0xc ./src/rtos2/RTX/Source/rtx_thread.o
                0x08000ed4                osThreadExit
 .text.osRtxThreadFree
                0x08000ee0       0x58 ./src/rtos2/RTX/Source/rtx_thread.o
 .text.osRtxThreadDelayRemove
                0x08000f38       0x58 ./src/rtos2/RTX/Source/rtx_thread.o
 .text.ThreadFlagsCheck
                0x08000f90       0x74 ./src/rtos2/RTX/Source/rtx_thread.o
 .text.osRtxThreadListPut
                0x08001004       0x30 ./src/rtos2/RTX/Source/rtx_thread.o
                0x08001004                osRtxThreadListPut
 .text.osRtxThreadListGet
                0x08001034       0x14 ./src/rtos2/RTX/Source/rtx_thread.o
                0x08001034                osRtxThreadListGet
 .text.osRtxThreadListSort
                0x08001048       0x50 ./src/rtos2/RTX/Source/rtx_thread.o
                0x08001048                osRtxThreadListSort
 .text.osRtxThreadListRemove
                0x08001098       0x14 ./src/rtos2/RTX/Source/rtx_thread.o
                0x08001098                osRtxThreadListRemove
 .text.osRtxThreadReadyPut
                0x080010ac       0x40 ./src/rtos2/RTX/Source/rtx_thread.o
                0x080010ac                osRtxThreadReadyPut
 .text.osRtxThreadDelayTick
                0x080010ec      0x108 ./src/rtos2/RTX/Source/rtx_thread.o
                0x080010ec                osRtxThreadDelayTick
 .text.osRtxThreadRegPtr
                0x080011f4       0x14 ./src/rtos2/RTX/Source/rtx_thread.o
                0x080011f4                osRtxThreadRegPtr
 .text.osRtxThreadStackCheck
                0x08001208       0x28 ./src/rtos2/RTX/Source/rtx_thread.o
                0x08001208                osRtxThreadStackCheck
 .text.osRtxThreadSwitch
                0x08001230       0x14 ./src/rtos2/RTX/Source/rtx_thread.o
                0x08001230                osRtxThreadSwitch
 .text.osRtxThreadDispatch
                0x08001244      0x100 ./src/rtos2/RTX/Source/rtx_thread.o
                0x08001244                osRtxThreadDispatch
 .text.osRtxThreadWaitExit
                0x08001344       0x9c ./src/rtos2/RTX/Source/rtx_thread.o
                0x08001344                osRtxThreadWaitExit
 .text.osRtxThreadPostProcess
                0x080013e0       0x28 ./src/rtos2/RTX/Source/rtx_thread.o
 .text.svcRtxThreadNew
                0x08001408      0x1f4 ./src/rtos2/RTX/Source/rtx_thread.o
 .text.osRtxThreadWaitEnter
                0x080015fc       0xa4 ./src/rtos2/RTX/Source/rtx_thread.o
                0x080015fc                osRtxThreadWaitEnter
 .text.svcRtxThreadExit
                0x080016a0       0xc0 ./src/rtos2/RTX/Source/rtx_thread.o
 .text.osRtxThreadStartup
                0x08001760       0x40 ./src/rtos2/RTX/Source/rtx_thread.o
                0x08001760                osRtxThreadStartup
 .text.osThreadNew
                0x080017a0       0x38 ./src/rtos2/RTX/Source/rtx_thread.o
                0x080017a0                osThreadNew
 .text.TimerInsert
                0x080017d8       0x4c ./src/rtos2/RTX/Source/rtx_timer.o
 .text.osRtxTimerTick
                0x08001824       0x60 ./src/rtos2/RTX/Source/rtx_timer.o
 .text.osRtxTimerThread
                0x08001884       0x3c ./src/rtos2/RTX/Source/rtx_timer.o
                0x08001884                osRtxTimerThread
 .text.osRtxIdleThread
                0x080018c0        0x4 ./src/rtos2/RTX/Config/RTX_Config.o
                0x080018c0                osRtxIdleThread
 .text.osRtxErrorNotify
                0x080018c4        0x4 ./src/rtos2/RTX/Config/RTX_Config.o
                0x080018c4                osRtxErrorNotify
 .text.Default_Handler
                0x080018c8        0x2 ./src/libcpu/startup_gd32f30x_hd.o
                0x080018c8                RTC_Alarm_IRQHandler
                0x080018c8                EXTI2_IRQHandler
                0x080018c8                TIMER2_IRQHandler
                0x080018c8                TIMER5_IRQHandler
                0x080018c8                DebugMon_Handler
                0x080018c8                LVD_IRQHandler
                0x080018c8                TIMER0_BRK_IRQHandler
                0x080018c8                HardFault_Handler
                0x080018c8                ADC0_1_IRQHandler
                0x080018c8                TIMER0_UP_IRQHandler
                0x080018c8                SDIO_IRQHandler
                0x080018c8                NMI_Handler
                0x080018c8                EXTI3_IRQHandler
                0x080018c8                TIMER3_IRQHandler
                0x080018c8                DMA0_Channel6_IRQHandler
                0x080018c8                I2C0_EV_IRQHandler
                0x080018c8                EXTI0_IRQHandler
                0x080018c8                UsageFault_Handler
                0x080018c8                TIMER4_IRQHandler
                0x080018c8                SPI1_IRQHandler
                0x080018c8                DMA0_Channel0_IRQHandler
                0x080018c8                TAMPER_IRQHandler
                0x080018c8                DMA1_Channel0_IRQHandler
                0x080018c8                TIMER6_IRQHandler
                0x080018c8                DMA0_Channel3_IRQHandler
                0x080018c8                I2C0_ER_IRQHandler
                0x080018c8                RTC_IRQHandler
                0x080018c8                TIMER7_UP_IRQHandler
                0x080018c8                DMA0_Channel2_IRQHandler
                0x080018c8                USART0_IRQHandler
                0x080018c8                TIMER1_IRQHandler
                0x080018c8                TIMER7_TRG_CMT_IRQHandler
                0x080018c8                TIMER0_TRG_CMT_IRQHandler
                0x080018c8                I2C1_EV_IRQHandler
                0x080018c8                UART4_IRQHandler
                0x080018c8                EXTI10_15_IRQHandler
                0x080018c8                DMA1_Channel1_IRQHandler
                0x080018c8                Default_Handler
                0x080018c8                TIMER7_Channel_IRQHandler
                0x080018c8                WWDGT_IRQHandler
                0x080018c8                EXMC_IRQHandler
                0x080018c8                ADC2_IRQHandler
                0x080018c8                SPI2_IRQHandler
                0x080018c8                MemManage_Handler
                0x080018c8                USBD_WKUP_IRQHandler
                0x080018c8                RCU_CTC_IRQHandler
                0x080018c8                TIMER7_BRK_IRQHandler
                0x080018c8                EXTI4_IRQHandler
                0x080018c8                USBD_HP_CAN0_TX_IRQHandler
                0x080018c8                CAN0_RX1_IRQHandler
                0x080018c8                DMA0_Channel5_IRQHandler
                0x080018c8                EXTI5_9_IRQHandler
                0x080018c8                DMA0_Channel1_IRQHandler
                0x080018c8                TIMER0_Channel_IRQHandler
                0x080018c8                EXTI1_IRQHandler
                0x080018c8                SPI0_IRQHandler
                0x080018c8                DMA1_Channel3_4_IRQHandler
                0x080018c8                USART2_IRQHandler
                0x080018c8                CAN0_EWMC_IRQHandler
                0x080018c8                DMA1_Channel2_IRQHandler
                0x080018c8                USBD_LP_CAN0_RX0_IRQHandler
                0x080018c8                BusFault_Handler
                0x080018c8                USART1_IRQHandler
                0x080018c8                UART3_IRQHandler
                0x080018c8                I2C1_ER_IRQHandler
                0x080018c8                FMC_IRQHandler
                0x080018c8                DMA0_Channel4_IRQHandler
 *fill*         0x080018ca        0x2 
 .text.SEGGER_RTT_WriteNoLock
                0x080018cc       0x98 ./src/components/rtt/rtt.o
                0x080018cc                SEGGER_RTT_WriteNoLock
 .text.rtt_write
                0x08001964        0x4 ./src/components/rtt/rtt.o
                0x08001964                rtt_write
 .text.rtt_init
                0x08001968       0x50 ./src/components/rtt/rtt.o
                0x08001968                rtt_init
 .text.SystemInit
                0x080019b8      0x12c ./src/cmsis/system_gd32f30x.o
                0x080019b8                SystemInit
 .text.SystemCoreClockUpdate
                0x08001ae4       0xc0 ./src/cmsis/system_gd32f30x.o
                0x08001ae4                SystemCoreClockUpdate
 .text.app_main
                0x08001ba4       0x24 ./src/application/main.o
                0x08001ba4                app_main
 .text.entry    0x08001bc8       0x3c ./src/application/main.o
                0x08001bc8                entry
 .text.memcpy   0x08001c04       0x1c d:/gcc-arm-none-eabi-10.3/bin/../lib/gcc/arm-none-eabi/10.3.1/../../../../arm-none-eabi/lib/thumb/v7e-m+fp/hard\libc_nano.a(lib_a-memcpy-stub.o)
                0x08001c04                memcpy
 .text.memset   0x08001c20       0x10 d:/gcc-arm-none-eabi-10.3/bin/../lib/gcc/arm-none-eabi/10.3.1/../../../../arm-none-eabi/lib/thumb/v7e-m+fp/hard\libc_nano.a(lib_a-memset.o)
                0x08001c20                memset
 .text.strcpy   0x08001c30       0x10 d:/gcc-arm-none-eabi-10.3/bin/../lib/gcc/arm-none-eabi/10.3.1/../../../../arm-none-eabi/lib/thumb/v7e-m+fp/hard\libc_nano.a(lib_a-strcpy.o)
                0x08001c30                strcpy
 *(.rodata)
 .rodata        0x08001c40       0xa0 ./src/rtos2/RTX/Source/rtx_lib.o
                0x08001c40                os_cb_sections
                0x08001c78                osRtxConfig
 .rodata        0x08001ce0       0x10 ./src/cmsis/system_gd32f30x.o
 *(.rodata*)
 .rodata.svcRtxKernelGetInfo.str1.4
                0x08001cf0        0xb ./src/rtos2/RTX/Source/rtx_kernel.o
 *fill*         0x08001cfb        0x1 
 .rodata.osRtxUserSVC
                0x08001cfc        0x4 ./src/rtos2/RTX/Source/rtx_lib.o
                0x08001cfc                osRtxUserSVC
 .rodata.os_idle_thread_attr
                0x08001d00       0x24 ./src/rtos2/RTX/Source/rtx_lib.o
 .rodata.os_timer_mq_attr
                0x08001d24       0x18 ./src/rtos2/RTX/Source/rtx_lib.o
 .rodata.os_timer_thread_attr
                0x08001d3c       0x24 ./src/rtos2/RTX/Source/rtx_lib.o
 .rodata.rtt_init.str1.4
                0x08001d60       0x15 ./src/components/rtt/rtt.o
 *fill*         0x08001d75        0x3 
 .rodata.app_main.str1.4
                0x08001d78       0x13 ./src/application/main.o
 *fill*         0x08001d8b        0x1 
 .rodata.entry.str1.4
                0x08001d8c        0xd ./src/application/main.o
 *(.glue_7)
 .glue_7        0x08001d99        0x0 linker stubs
 *(.glue_7t)
 .glue_7t       0x08001d99        0x0 linker stubs
 *(.gnu.linkonce.t*)
                0x08001d9c                . = ALIGN (0x4)
 *fill*         0x08001d99        0x3 
                [!provide]                PROVIDE (__ctors_start__ = .)
 *(SORT_BY_NAME(.init_array.*))
 *(.init_array)
                [!provide]                PROVIDE (__ctors_end__ = .)
 *(.init)
 *(.fini)
                0x08001d9c                . = ALIGN (0x4)
                0x08001d9c                _etext = .

.vfp11_veneer   0x08001d9c        0x0
 .vfp11_veneer  0x08001d9c        0x0 linker stubs

.v4_bx          0x08001d9c        0x0
 .v4_bx         0x08001d9c        0x0 linker stubs

.iplt           0x08001d9c        0x0
 .iplt          0x08001d9c        0x0 ./src/rtos2/Source/os_systick.o

.ARM.extab
 *(.ARM.extab* .gnu.linkonce.armextab.*)

.ARM            0x08001d9c        0x8
                0x08001d9c                __exidx_start = .
 *(.ARM.exidx*)
 .ARM.exidx     0x08001d9c        0x8 ./src/rtos2/RTX/Source/GCC/irq_cm4f.o
                                 0x18 (size before relaxing)
                0x08001da4                __exidx_end = .
                0x08001da4                _sidata = .

.rel.dyn        0x08001da4        0x0
 .rel.iplt      0x08001da4        0x0 ./src/rtos2/Source/os_systick.o

.data           0x20000000       0xa8 load address 0x08001da4
                0x20000000                . = ALIGN (0x4)
                0x20000000                _sdata = .
 *(.data)
 *(.data*)
 .data.os       0x20000000       0xa4 ./src/rtos2/RTX/Source/rtx_kernel.o
                0x20000000                osRtxInfo
 .data.SystemCoreClock
                0x200000a4        0x4 ./src/cmsis/system_gd32f30x.o
                0x200000a4                SystemCoreClock
 *(.gnu.linkonce.d*)
                [!provide]                PROVIDE (__dtors_start__ = .)
 *(SORT_BY_NAME(.dtors.*))
 *(.dtors)
                [!provide]                PROVIDE (__dtors_end__ = .)
                0x200000a8                . = ALIGN (0x4)
                0x200000a8                _edata = .

.igot.plt       0x200000a8        0x0 load address 0x08001e4c
 .igot.plt      0x200000a8        0x0 ./src/rtos2/Source/os_systick.o

.stack          0x200000a8      0x200 load address 0x08001e4c
                0x200000a8                . = ALIGN (0x4)
                0x200000a8                _sstack = .
                0x200002a8                . = (. + _system_stack_size)
 *fill*         0x200000a8      0x200 
                0x200002a8                . = ALIGN (0x4)
                0x200002a8                _estack = .
                0x200002a8                __bss_start = .

.bss            0x200002a8     0x29e0 load address 0x08002050
                0x200002a8                . = ALIGN (0x4)
                0x200002a8                _sbss = .
 *(.bss)
 *(.bss.*)
 .bss.PendST    0x200002a8        0x1 ./src/rtos2/Source/os_systick.o
 *fill*         0x200002a9        0x7 
 .bss.os        0x200002b0     0x2040 ./src/rtos2/RTX/Source/rtx_lib.o
 .bss.os.msgqueue.cb
                0x200022f0       0x34 ./src/rtos2/RTX/Source/rtx_lib.o
 .bss.os.msgqueue.mem
                0x20002324       0x50 ./src/rtos2/RTX/Source/rtx_lib.o
 .bss.os.thread.cb
                0x20002374       0x88 ./src/rtos2/RTX/Source/rtx_lib.o
 *fill*         0x200023fc        0x4 
 .bss.os.thread.stack
                0x20002400      0x400 ./src/rtos2/RTX/Source/rtx_lib.o
 .bss._SEGGER_RTT
                0x20002800       0x48 ./src/components/rtt/rtt.o
                0x20002800                _SEGGER_RTT
 .bss._acDownBuffer
                0x20002848       0x40 ./src/components/rtt/rtt.o
 .bss._acUpBuffer
                0x20002888      0x400 ./src/components/rtt/rtt.o
 *(COMMON)
                0x20002c88                . = ALIGN (0x4)
                0x20002c88                _ebss = .
 *(.bss.init)
                0x20002c88                __bss_end = .
                0x20002c88                _end = .
                [!provide]                PROVIDE (end = _ebss)
                [!provide]                PROVIDE (_end = _ebss)

/DISCARD/
 libc.a(*)
 libm.a(*)
 libgcc.a(*)

.stab
 *(.stab)

.stabstr
 *(.stabstr)

.stab.excl
 *(.stab.excl)

.stab.exclstr
 *(.stab.exclstr)

.stab.index
 *(.stab.index)

.stab.indexstr
 *(.stab.indexstr)

.comment        0x00000000       0x49
 *(.comment)
 .comment       0x00000000       0x49 ./src/stdperiph/Source/gd32f30x_misc.o
                                 0x4a (size before relaxing)
 .comment       0x00000049       0x4a ./src/rtos2/Source/os_systick.o
 .comment       0x00000049       0x4a ./src/rtos2/RTX/Source/rtx_delay.o
 .comment       0x00000049       0x4a ./src/rtos2/RTX/Source/rtx_kernel.o
 .comment       0x00000049       0x4a ./src/rtos2/RTX/Source/rtx_lib.o
 .comment       0x00000049       0x4a ./src/rtos2/RTX/Source/rtx_memory.o
 .comment       0x00000049       0x4a ./src/rtos2/RTX/Source/rtx_mempool.o
 .comment       0x00000049       0x4a ./src/rtos2/RTX/Source/rtx_msgqueue.o
 .comment       0x00000049       0x4a ./src/rtos2/RTX/Source/rtx_mutex.o
 .comment       0x00000049       0x4a ./src/rtos2/RTX/Source/rtx_system.o
 .comment       0x00000049       0x4a ./src/rtos2/RTX/Source/rtx_thread.o
 .comment       0x00000049       0x4a ./src/rtos2/RTX/Source/rtx_timer.o
 .comment       0x00000049       0x4a ./src/rtos2/RTX/Config/RTX_Config.o
 .comment       0x00000049       0x4a ./src/components/rtt/rtt.o
 .comment       0x00000049       0x4a ./src/cmsis/system_gd32f30x.o
 .comment       0x00000049       0x4a ./src/application/main.o

.ARM.attributes
                0x00000000       0x32
 .ARM.attributes
                0x00000000       0x32 ./src/stdperiph/Source/gd32f30x_misc.o
 .ARM.attributes
                0x00000032       0x32 ./src/rtos2/Source/os_systick.o
 .ARM.attributes
                0x00000064       0x25 ./src/rtos2/RTX/Source/GCC/irq_cm4f.o
 .ARM.attributes
                0x00000089       0x32 ./src/rtos2/RTX/Source/rtx_delay.o
 .ARM.attributes
                0x000000bb       0x32 ./src/rtos2/RTX/Source/rtx_kernel.o
 .ARM.attributes
                0x000000ed       0x32 ./src/rtos2/RTX/Source/rtx_lib.o
 .ARM.attributes
                0x0000011f       0x32 ./src/rtos2/RTX/Source/rtx_memory.o
 .ARM.attributes
                0x00000151       0x32 ./src/rtos2/RTX/Source/rtx_mempool.o
 .ARM.attributes
                0x00000183       0x32 ./src/rtos2/RTX/Source/rtx_msgqueue.o
 .ARM.attributes
                0x000001b5       0x32 ./src/rtos2/RTX/Source/rtx_mutex.o
 .ARM.attributes
                0x000001e7       0x32 ./src/rtos2/RTX/Source/rtx_system.o
 .ARM.attributes
                0x00000219       0x32 ./src/rtos2/RTX/Source/rtx_thread.o
 .ARM.attributes
                0x0000024b       0x32 ./src/rtos2/RTX/Source/rtx_timer.o
 .ARM.attributes
                0x0000027d       0x32 ./src/rtos2/RTX/Config/RTX_Config.o
 .ARM.attributes
                0x000002af       0x25 ./src/libcpu/startup_gd32f30x_hd.o
 .ARM.attributes
                0x000002d4       0x32 ./src/components/rtt/rtt.o
 .ARM.attributes
                0x00000306       0x32 ./src/cmsis/system_gd32f30x.o
 .ARM.attributes
                0x00000338       0x32 ./src/application/main.o
 .ARM.attributes
                0x0000036a       0x34 d:/gcc-arm-none-eabi-10.3/bin/../lib/gcc/arm-none-eabi/10.3.1/../../../../arm-none-eabi/lib/thumb/v7e-m+fp/hard\libc_nano.a(lib_a-memcpy-stub.o)
 .ARM.attributes
                0x0000039e       0x34 d:/gcc-arm-none-eabi-10.3/bin/../lib/gcc/arm-none-eabi/10.3.1/../../../../arm-none-eabi/lib/thumb/v7e-m+fp/hard\libc_nano.a(lib_a-memset.o)
 .ARM.attributes
                0x000003d2       0x34 d:/gcc-arm-none-eabi-10.3/bin/../lib/gcc/arm-none-eabi/10.3.1/../../../../arm-none-eabi/lib/thumb/v7e-m+fp/hard\libc_nano.a(lib_a-strcpy.o)
 .ARM.attributes
                0x00000406       0x17 d:/gcc-arm-none-eabi-10.3/bin/../lib/gcc/arm-none-eabi/10.3.1/../../../../arm-none-eabi/lib/thumb/v7e-m+fp/hard\libc_nano.a(lib_a-strlen.o)

.debug
 *(.debug)

.line
 *(.line)

.debug_srcinfo
 *(.debug_srcinfo)

.debug_sfnames
 *(.debug_sfnames)

.debug_aranges
 *(.debug_aranges)

.debug_pubnames
 *(.debug_pubnames)

.debug_info
 *(.debug_info .gnu.linkonce.wi.*)

.debug_abbrev
 *(.debug_abbrev)

.debug_line
 *(.debug_line)

.debug_frame    0x00000000       0x68
 *(.debug_frame)
 .debug_frame   0x00000000       0x28 d:/gcc-arm-none-eabi-10.3/bin/../lib/gcc/arm-none-eabi/10.3.1/../../../../arm-none-eabi/lib/thumb/v7e-m+fp/hard\libc_nano.a(lib_a-memcpy-stub.o)
 .debug_frame   0x00000028       0x20 d:/gcc-arm-none-eabi-10.3/bin/../lib/gcc/arm-none-eabi/10.3.1/../../../../arm-none-eabi/lib/thumb/v7e-m+fp/hard\libc_nano.a(lib_a-memset.o)
 .debug_frame   0x00000048       0x20 d:/gcc-arm-none-eabi-10.3/bin/../lib/gcc/arm-none-eabi/10.3.1/../../../../arm-none-eabi/lib/thumb/v7e-m+fp/hard\libc_nano.a(lib_a-strcpy.o)

.debug_str
 *(.debug_str)

.debug_loc
 *(.debug_loc)

.debug_macinfo
 *(.debug_macinfo)

.debug_weaknames
 *(.debug_weaknames)

.debug_funcnames
 *(.debug_funcnames)

.debug_typenames
 *(.debug_typenames)

.debug_varnames
 *(.debug_varnames)
OUTPUT(gd32f30x_cmsis_rtos2.elf elf32-littlearm)
LOAD linker stubs
LOAD d:/gcc-arm-none-eabi-10.3/bin/../lib/gcc/arm-none-eabi/10.3.1/../../../../arm-none-eabi/lib/thumb/v7e-m+fp/hard\libc.a
LOAD d:/gcc-arm-none-eabi-10.3/bin/../lib/gcc/arm-none-eabi/10.3.1/../../../../arm-none-eabi/lib/thumb/v7e-m+fp/hard\libm.a
LOAD d:/gcc-arm-none-eabi-10.3/bin/../lib/gcc/arm-none-eabi/10.3.1/thumb/v7e-m+fp/hard\libgcc.a
